src/Components/ReusableComponents/DataGridSkeletonLoader.tsx(51,7): error TS2590: Expression produces a union type that is too complex to represent.
